2026-08-09 00:30:22 [info]: ☁️ Cloudinary configured successfully.
2026-08-09 00:31:44 [info]: ✅ Environment validation completed.
2026-08-09 00:31:44 [info]: 📄 Loaded ENV: C:\Users\hp\Documents\My  Projects\ifywigatechz-site\server\.env
2026-08-09 00:31:44 [info]: 🗄️ MongoDB URI: Configured
2026-08-09 00:31:48 [info]: 🚀 Server running on port 5000
2026-08-09 00:31:48 [info]: 🌍 Mode: development
2026-08-09 00:31:48 [info]: 🆔 PID: 18100
2026-08-09 00:31:59 [error]: MongoDB connect attempt 1 failed: Could not connect to any servers in your MongoDB Atlas cluster. One common reason is that you're trying to access the database from an IP that isn't whitelisted. Make sure your current IP address is on your Atlas cluster's IP whitelist: https://www.mongodb.com/docs/atlas/security-whitelist/
2026-08-09 00:31:59 [info]: Retrying MongoDB connection in 2000ms (attempt 2/6)
2026-08-09 00:32:11 [error]: MongoDB connect attempt 2 failed: Could not connect to any servers in your MongoDB Atlas cluster. One common reason is that you're trying to access the database from an IP that isn't whitelisted. Make sure your current IP address is on your Atlas cluster's IP whitelist: https://www.mongodb.com/docs/atlas/security-whitelist/
2026-08-09 00:32:11 [info]: Retrying MongoDB connection in 4000ms (attempt 3/6)
2026-08-09 00:32:25 [error]: MongoDB connect attempt 3 failed: Could not connect to any servers in your MongoDB Atlas cluster. One common reason is that you're trying to access the database from an IP that isn't whitelisted. Make sure your current IP address is on your Atlas cluster's IP whitelist: https://www.mongodb.com/docs/atlas/security-whitelist/
2026-08-09 00:32:25 [info]: Retrying MongoDB connection in 8000ms (attempt 4/6)
2026-08-09 00:32:46 [error]: MongoDB connect attempt 4 failed: Could not connect to any servers in your MongoDB Atlas cluster. One common reason is that you're trying to access the database from an IP that isn't whitelisted. Make sure your current IP address is on your Atlas cluster's IP whitelist: https://www.mongodb.com/docs/atlas/security-whitelist/
2026-08-09 00:32:46 [info]: Retrying MongoDB connection in 16000ms (attempt 5/6)
2026-08-09 00:33:13 [error]: MongoDB connect attempt 5 failed: Could not connect to any servers in your MongoDB Atlas cluster. One common reason is that you're trying to access the database from an IP that isn't whitelisted. Make sure your current IP address is on your Atlas cluster's IP whitelist: https://www.mongodb.com/docs/atlas/security-whitelist/
2026-08-09 00:33:13 [info]: Retrying MongoDB connection in 30000ms (attempt 6/6)
2026-08-09 00:33:54 [error]: MongoDB connect attempt 6 failed: Could not connect to any servers in your MongoDB Atlas cluster. One common reason is that you're trying to access the database from an IP that isn't whitelisted. Make sure your current IP address is on your Atlas cluster's IP whitelist: https://www.mongodb.com/docs/atlas/security-whitelist/
2026-08-09 00:33:54 [error]: Exceeded MongoDB connection attempts. Giving up.
2026-08-09 00:33:54 [error]: ❌ Failed to connect to DB after starting HTTP server: Could not connect to any servers in your MongoDB Atlas cluster. One common reason is that you're trying to access the database from an IP that isn't whitelisted. Make sure your current IP address is on your Atlas cluster's IP whitelist: https://www.mongodb.com/docs/atlas/security-whitelist/
