2026-08-04 23:18:56 [error]: (node:13292) [MONGODB DRIVER] Warning: useNewUrlParser is a deprecated option: useNewUrlParser has no effect since Node.js Driver version 4.0.0 and will be removed in the next major version
(Use `node --trace-warnings ...` to show where the warning was created)
2026-08-04 23:18:56 [error]: (node:13292) [MONGODB DRIVER] Warning: useUnifiedTopology is a deprecated option: useUnifiedTopology has no effect since Node.js Driver version 4.0.0 and will be removed in the next major version
2026-08-04 23:19:00 [error]: MongoDB connect attempt 1 failed: queryTxt ESERVFAIL ifywigatechz001.hnuyqsq.mongodb.net
2026-08-04 23:19:02 [error]: (node:13292) [MONGODB DRIVER] Warning: useNewUrlParser is a deprecated option: useNewUrlParser has no effect since Node.js Driver version 4.0.0 and will be removed in the next major version
2026-08-04 23:19:02 [error]: (node:13292) [MONGODB DRIVER] Warning: useUnifiedTopology is a deprecated option: useUnifiedTopology has no effect since Node.js Driver version 4.0.0 and will be removed in the next major version
2026-08-04 23:19:32 [error]: MongoDB connect attempt 2 failed: Could not connect to any servers in your MongoDB Atlas cluster. One common reason is that you're trying to access the database from an IP that isn't whitelisted. Make sure your current IP address is on your Atlas cluster's IP whitelist: https://www.mongodb.com/docs/atlas/security-whitelist/
2026-08-04 23:19:36 [error]: (node:13292) [MONGODB DRIVER] Warning: useNewUrlParser is a deprecated option: useNewUrlParser has no effect since Node.js Driver version 4.0.0 and will be removed in the next major version
2026-08-04 23:19:36 [error]: (node:13292) [MONGODB DRIVER] Warning: useUnifiedTopology is a deprecated option: useUnifiedTopology has no effect since Node.js Driver version 4.0.0 and will be removed in the next major version
2026-08-04 23:20:07 [error]: MongoDB connect attempt 3 failed: Could not connect to any servers in your MongoDB Atlas cluster. One common reason is that you're trying to access the database from an IP that isn't whitelisted. Make sure your current IP address is on your Atlas cluster's IP whitelist: https://www.mongodb.com/docs/atlas/security-whitelist/
2026-08-04 23:20:15 [error]: (node:13292) [MONGODB DRIVER] Warning: useNewUrlParser is a deprecated option: useNewUrlParser has no effect since Node.js Driver version 4.0.0 and will be removed in the next major version
2026-08-04 23:20:15 [error]: (node:13292) [MONGODB DRIVER] Warning: useUnifiedTopology is a deprecated option: useUnifiedTopology has no effect since Node.js Driver version 4.0.0 and will be removed in the next major version
2026-08-04 23:20:17 [error]: MongoDB connect attempt 4 failed: querySrv ESERVFAIL _mongodb._tcp.ifywigatechz001.hnuyqsq.mongodb.net
2026-08-04 23:20:33 [error]: (node:13292) [MONGODB DRIVER] Warning: useNewUrlParser is a deprecated option: useNewUrlParser has no effect since Node.js Driver version 4.0.0 and will be removed in the next major version
2026-08-04 23:20:33 [error]: (node:13292) [MONGODB DRIVER] Warning: useUnifiedTopology is a deprecated option: useUnifiedTopology has no effect since Node.js Driver version 4.0.0 and will be removed in the next major version
2026-08-04 23:20:36 [error]: MongoDB connect attempt 5 failed: querySrv ESERVFAIL _mongodb._tcp.ifywigatechz001.hnuyqsq.mongodb.net
2026-08-04 23:21:06 [error]: (node:13292) [MONGODB DRIVER] Warning: useNewUrlParser is a deprecated option: useNewUrlParser has no effect since Node.js Driver version 4.0.0 and will be removed in the next major version
2026-08-04 23:21:06 [error]: (node:13292) [MONGODB DRIVER] Warning: useUnifiedTopology is a deprecated option: useUnifiedTopology has no effect since Node.js Driver version 4.0.0 and will be removed in the next major version
2026-08-04 23:21:08 [error]: MongoDB connect attempt 6 failed: querySrv ESERVFAIL _mongodb._tcp.ifywigatechz001.hnuyqsq.mongodb.net
2026-08-04 23:21:08 [error]: Exceeded MongoDB connection attempts. Giving up.
2026-08-04 23:21:08 [error]: ❌ Failed to connect to DB after starting HTTP server: querySrv ESERVFAIL _mongodb._tcp.ifywigatechz001.hnuyqsq.mongodb.net
2026-08-04 23:50:09 [error]: (node:16880) [MONGODB DRIVER] Warning: useNewUrlParser is a deprecated option: useNewUrlParser has no effect since Node.js Driver version 4.0.0 and will be removed in the next major version
(Use `node --trace-warnings ...` to show where the warning was created)
2026-08-04 23:50:09 [error]: (node:16880) [MONGODB DRIVER] Warning: useUnifiedTopology is a deprecated option: useUnifiedTopology has no effect since Node.js Driver version 4.0.0 and will be removed in the next major version
2026-08-04 23:50:40 [error]: MongoDB connect attempt 1 failed: Could not connect to any servers in your MongoDB Atlas cluster. One common reason is that you're trying to access the database from an IP that isn't whitelisted. Make sure your current IP address is on your Atlas cluster's IP whitelist: https://www.mongodb.com/docs/atlas/security-whitelist/
2026-08-04 23:50:42 [error]: (node:16880) [MONGODB DRIVER] Warning: useNewUrlParser is a deprecated option: useNewUrlParser has no effect since Node.js Driver version 4.0.0 and will be removed in the next major version
2026-08-04 23:50:42 [error]: (node:16880) [MONGODB DRIVER] Warning: useUnifiedTopology is a deprecated option: useUnifiedTopology has no effect since Node.js Driver version 4.0.0 and will be removed in the next major version
2026-08-04 23:51:13 [error]: MongoDB connect attempt 2 failed: Could not connect to any servers in your MongoDB Atlas cluster. One common reason is that you're trying to access the database from an IP that isn't whitelisted. Make sure your current IP address is on your Atlas cluster's IP whitelist: https://www.mongodb.com/docs/atlas/security-whitelist/
2026-08-04 23:51:17 [error]: (node:16880) [MONGODB DRIVER] Warning: useNewUrlParser is a deprecated option: useNewUrlParser has no effect since Node.js Driver version 4.0.0 and will be removed in the next major version
2026-08-04 23:51:17 [error]: (node:16880) [MONGODB DRIVER] Warning: useUnifiedTopology is a deprecated option: useUnifiedTopology has no effect since Node.js Driver version 4.0.0 and will be removed in the next major version
2026-08-04 23:58:04 [error]: MongoDB connect attempt 1 failed: Could not connect to any servers in your MongoDB Atlas cluster. One common reason is that you're trying to access the database from an IP that isn't whitelisted. Make sure your current IP address is on your Atlas cluster's IP whitelist: https://www.mongodb.com/docs/atlas/security-whitelist/
2026-08-04 23:58:08 [error]: MongoDB connect attempt 2 failed: queryTxt ESERVFAIL ifywigatechz001.hnuyqsq.mongodb.net
